// Jest Snapshot v1, https://goo.gl/fbAQLP

exports[`renders correctly 1`] = `
<div>
  <TabList>
    <Tabs>
      <Tab
        title="Topics"
      />
      <Tab
        title="Archives"
      />
      <Tab
        title="Pages"
      />
    </Tabs>
    <TabPanel>
      <Topics />
    </TabPanel>
    <TabPanel>
      <Archives />
    </TabPanel>
    <TabPanel>
      <Pages />
    </TabPanel>
  </TabList>
</div>
`;
