// Jest Snapshot v1, https://goo.gl/fbAQLP

exports[`renders correctly 1`] = `
<div
  className="topicsWrapper"
>
  <div
    className="listWrapper"
  >
    <ul>
      <li>
        <span
          className="topic"
        >
          HTML Techniques
        </span>
        <span
          className="posts"
        >
          <CountUp$$1
            decimal="."
            decimals={0}
            delay={0.5}
            duration={5}
            easingFn={null}
            end={1}
            formattingFn={null}
            onEnd={[Function]}
            onPauseResume={[Function]}
            onReset={[Function]}
            onStart={[Function]}
            onUpdate={[Function]}
            prefix=""
            redraw={false}
            separator=""
            start={0}
            suffix=" POSTS"
            useEasing={true}
          />
        </span>
      </li>
      <li>
        <span
          className="topic"
        >
          CSS Styling
        </span>
        <span
          className="posts"
        >
          <CountUp$$1
            decimal="."
            decimals={0}
            delay={0.5}
            duration={5}
            easingFn={null}
            end={1}
            formattingFn={null}
            onEnd={[Function]}
            onPauseResume={[Function]}
            onReset={[Function]}
            onStart={[Function]}
            onUpdate={[Function]}
            prefix=""
            redraw={false}
            separator=""
            start={0}
            suffix=" POSTS"
            useEasing={true}
          />
        </span>
      </li>
      <li>
        <span
          className="topic"
        >
          Flash Tutorials
        </span>
        <span
          className="posts"
        >
          <CountUp$$1
            decimal="."
            decimals={0}
            delay={0.5}
            duration={5}
            easingFn={null}
            end={1}
            formattingFn={null}
            onEnd={[Function]}
            onPauseResume={[Function]}
            onReset={[Function]}
            onStart={[Function]}
            onUpdate={[Function]}
            prefix=""
            redraw={false}
            separator=""
            start={0}
            suffix=" POSTS"
            useEasing={true}
          />
        </span>
      </li>
      <li>
        <span
          className="topic"
        >
          Web Miscellanea
        </span>
        <span
          className="posts"
        >
          <CountUp$$1
            decimal="."
            decimals={0}
            delay={0.5}
            duration={5}
            easingFn={null}
            end={1}
            formattingFn={null}
            onEnd={[Function]}
            onPauseResume={[Function]}
            onReset={[Function]}
            onStart={[Function]}
            onUpdate={[Function]}
            prefix=""
            redraw={false}
            separator=""
            start={0}
            suffix=" POSTS"
            useEasing={true}
          />
        </span>
      </li>
      <li>
        <span
          className="topic"
        >
          Sites News
        </span>
        <span
          className="posts"
        >
          <CountUp$$1
            decimal="."
            decimals={0}
            delay={0.5}
            duration={5}
            easingFn={null}
            end={1}
            formattingFn={null}
            onEnd={[Function]}
            onPauseResume={[Function]}
            onReset={[Function]}
            onStart={[Function]}
            onUpdate={[Function]}
            prefix=""
            redraw={false}
            separator=""
            start={0}
            suffix=" POSTS"
            useEasing={true}
          />
        </span>
      </li>
      <li>
        <span
          className="topic"
        >
          Web Development
        </span>
        <span
          className="posts"
        >
          <CountUp$$1
            decimal="."
            decimals={0}
            delay={0.5}
            duration={5}
            easingFn={null}
            end={1}
            formattingFn={null}
            onEnd={[Function]}
            onPauseResume={[Function]}
            onReset={[Function]}
            onStart={[Function]}
            onUpdate={[Function]}
            prefix=""
            redraw={false}
            separator=""
            start={0}
            suffix=" POSTS"
            useEasing={true}
          />
        </span>
      </li>
    </ul>
  </div>
</div>
`;
